---
source: tests/cli_insta.rs
info:
  program: sem-tool
  args:
    - sort
    - "--fail-if-potentially-ambiguous"
    - 0.1.2+bm0
    - 0.1.2+bm1
---
success: false
exit_code: 1
----- stdout -----

----- stderr -----
Error: FailedRequirementError { err: "Potential Ambiguity Detected" }
