---
source: tests/cli_insta.rs
info:
  program: sem-tool
  args:
    - sort
    - 0.1.2+bm0
    - 0.1.2+bm1
---
success: true
exit_code: 0
----- stdout -----
---
versions:
  0.1.2:
  - 0.1.2+bm0
  - 0.1.2+bm1
potentially_ambiguous: true

----- stderr -----
