---
source: tests/cli_insta.rs
info:
  program: sem-tool
  args:
    - validate
    - 0.1.2-rc.0.a.1.b+a.0.b.1
---
success: true
exit_code: 0
----- stdout -----
---
valid: true

----- stderr -----
