---
source: tests/cli_insta.rs
info:
  program: sem-tool
  args:
    - compare
    - "-e"
    - 1.2.3+0
    - 1.2.3+1
---
success: false
exit_code: 110
----- stdout -----
---
semantic_ordering: Equal
lexical_ordering: Less

----- stderr -----
