---
source: tests/cli_insta.rs
info:
  program: sem-tool
  args:
    - compare
    - "-e"
    - 1.2.3
    - 4.5.6
---
success: false
exit_code: 100
----- stdout -----
---
semantic_ordering: Less
lexical_ordering: Less

----- stderr -----
