---
source: tests/cli_insta.rs
info:
  program: sem-tool
  args:
    - sort
    - "--lexical-sorting"
    - "--flatten"
    - 0.1.2-rc0
    - 0.1.2-rc1
---
success: true
exit_code: 0
----- stdout -----
---
versions:
- 0.1.2-rc0
- 0.1.2-rc1

----- stderr -----
