---
source: tests/cli_insta.rs
info:
  program: sem-tool
  args:
    - filter-test
    - ">1"
    - 0.0.1-rc1.br.0+abc
---
success: false
exit_code: 1
----- stdout -----
---
pass: false

----- stderr -----
